node.exe : [31mΓ£ù[39m 
Build failed in 88ms
At line:1 char:1
+ & "C:\Program 
Files\nodejs/node.exe" "C:\Us
ers\abhay\AppData\Roaming\ 
...
+ ~~~~~~~~~~~~~~~~~~~~~~~~~~~
~~~~~~~~~~~~~~~~~~~~~~~~~~~~~
~~~~~~~~~~~~~
    + CategoryInfo           
   : NotSpecified: ([31mΓ£  
  ù[39m Build failed in 8   
 8ms:String) [], RemoteEx    
ception
    + FullyQualifiedErrorId  
   : NativeCommandError
 
[31merror during build:
[31m[@tailwindcss/vite:gener
ate:build] Cannot apply 
unknown utility class 
`bg-white`. Are you using 
CSS modules or similar and 
missing `@reference`? https:/
/tailwindcss.com/docs/functio
ns-and-directives#reference-d
irective[31m
file: [36mC:/Users/abhay/One
Drive/Desktop/health-q/fronte
nd/src/index.css[31m
    at onInvalidCandidate (fi
le:///C:/Users/abhay/OneDrive
/Desktop/health-q/frontend/no
de_modules/tailwindcss/dist/c
hunk-O3SHLFNR.mjs:21:1314)
    at $e (file:///C:/Users/a
bhay/OneDrive/Desktop/health-
q/frontend/node_modules/tailw
indcss/dist/chunk-O3SHLFNR.mj
s:16:37066)
    at file:///C:/Users/abhay
/OneDrive/Desktop/health-q/fr
ontend/node_modules/tailwindc
ss/dist/chunk-O3SHLFNR.mjs:21
:355
    at Ar (file:///C:/Users/a
bhay/OneDrive/Desktop/health-
q/frontend/node_modules/tailw
indcss/dist/chunk-O3SHLFNR.mj
s:3:1733)
    at I (file:///C:/Users/ab
hay/OneDrive/Desktop/health-q
/frontend/node_modules/tailwi
ndcss/dist/chunk-O3SHLFNR.mjs
:3:1377)
    at Ce (file:///C:/Users/a
bhay/OneDrive/Desktop/health-
q/frontend/node_modules/tailw
indcss/dist/chunk-O3SHLFNR.mj
s:21:172)
    at Gi (file:///C:/Users/a
bhay/OneDrive/Desktop/health-
q/frontend/node_modules/tailw
indcss/dist/chunk-O3SHLFNR.mj
s:38:294)
    at async ao (file:///C:/U
sers/abhay/OneDrive/Desktop/h
ealth-q/frontend/node_modules
/tailwindcss/dist/chunk-O3SHL
FNR.mjs:38:631)
    at async vf (file:///C:/U
sers/abhay/OneDrive/Desktop/h
ealth-q/frontend/node_modules
/tailwindcss/dist/chunk-O3SHL
FNR.mjs:38:1406)
    at async uu (file:///C:/U
sers/abhay/OneDrive/Desktop/h
ealth-q/frontend/node_modules
/@tailwindcss/node/dist/index
.mjs:10:3458)[39m
